[21-Nov-2025 22:57:10 Africa/Lagos] Upload API: Request received - Type: image, Category: templates
[21-Nov-2025 22:57:10 Africa/Lagos] Upload API: Session ID: b0f68d434f21373c9d2225c41206fb84, Admin status: yes
[21-Nov-2025 22:58:01 Africa/Lagos] Upload API: Request received - Type: video, Category: tools
[21-Nov-2025 22:58:01 Africa/Lagos] Upload API: Session ID: b0f68d434f21373c9d2225c41206fb84, Admin status: yes
[21-Nov-2025 22:58:01 Africa/Lagos] Upload API: Video uploaded successfully without processing: video_1763762281_3918f6ad_e0f1851126ac378d7db85daf2009801f.mp4
[21-Nov-2025 22:59:12 Africa/Lagos] Upload API: Request received - Type: video, Category: tools
[21-Nov-2025 22:59:12 Africa/Lagos] Upload API: Session ID: b0f68d434f21373c9d2225c41206fb84, Admin status: yes
[21-Nov-2025 22:59:12 Africa/Lagos] Upload API: Video uploaded successfully without processing: video_1763762352_8a800787_e0f1851126ac378d7db85daf2009801f.mp4
[21-Nov-2025 22:59:14 Africa/Lagos] Upload API: Request received - Type: image, Category: tools
[21-Nov-2025 22:59:14 Africa/Lagos] Upload API: Session ID: b0f68d434f21373c9d2225c41206fb84, Admin status: yes
[21-Nov-2025 23:08:25 Africa/Lagos] Analytics tracking error: SQLSTATE[23000]: Integrity constraint violation: 19 FOREIGN KEY constraint failed
[21-Nov-2025 23:08:57 Africa/Lagos] Analytics tracking error: SQLSTATE[23000]: Integrity constraint violation: 19 FOREIGN KEY constraint failed
[21-Nov-2025 23:09:24 Africa/Lagos] Analytics tracking error: SQLSTATE[23000]: Integrity constraint violation: 19 FOREIGN KEY constraint failed
[21-Nov-2025 23:09:24 Africa/Lagos] Analytics tracking error: SQLSTATE[23000]: Integrity constraint violation: 19 FOREIGN KEY constraint failed
[21-Nov-2025 23:09:26 Africa/Lagos] Analytics tracking error: SQLSTATE[23000]: Integrity constraint violation: 19 FOREIGN KEY constraint failed
[21-Nov-2025 23:09:26 Africa/Lagos] Analytics tracking error: SQLSTATE[23000]: Integrity constraint violation: 19 FOREIGN KEY constraint failed
[21-Nov-2025 23:09:33 Africa/Lagos] Analytics tracking error: SQLSTATE[23000]: Integrity constraint violation: 19 FOREIGN KEY constraint failed
[21-Nov-2025 23:09:33 Africa/Lagos] Analytics tracking error: SQLSTATE[23000]: Integrity constraint violation: 19 FOREIGN KEY constraint failed
[21-Nov-2025 23:18:56 Africa/Lagos] Analytics tracking error: SQLSTATE[23000]: Integrity constraint violation: 19 FOREIGN KEY constraint failed
[21-Nov-2025 23:18:56 Africa/Lagos] Analytics tracking error: SQLSTATE[23000]: Integrity constraint violation: 19 FOREIGN KEY constraint failed
[21-Nov-2025 23:18:58 Africa/Lagos] Analytics tracking error: SQLSTATE[23000]: Integrity constraint violation: 19 FOREIGN KEY constraint failed
[21-Nov-2025 23:18:59 Africa/Lagos] Analytics tracking error: SQLSTATE[23000]: Integrity constraint violation: 19 FOREIGN KEY constraint failed
[21-Nov-2025 23:33:39 Africa/Lagos] Analytics tracking error: SQLSTATE[23000]: Integrity constraint violation: 19 FOREIGN KEY constraint failed
[21-Nov-2025 23:33:55 Africa/Lagos] Analytics tracking error: SQLSTATE[23000]: Integrity constraint violation: 19 FOREIGN KEY constraint failed
[21-Nov-2025 23:41:15 Africa/Lagos] Analytics tracking error: SQLSTATE[23000]: Integrity constraint violation: 19 FOREIGN KEY constraint failed
[21-Nov-2025 23:41:52 Africa/Lagos] Analytics tracking error: SQLSTATE[23000]: Integrity constraint violation: 19 FOREIGN KEY constraint failed
[21-Nov-2025 23:46:24 Africa/Lagos] Analytics tracking error: SQLSTATE[23000]: Integrity constraint violation: 19 FOREIGN KEY constraint failed
[21-Nov-2025 23:46:30 Africa/Lagos] Analytics tracking error: SQLSTATE[23000]: Integrity constraint violation: 19 FOREIGN KEY constraint failed
[21-Nov-2025 23:46:32 Africa/Lagos] Analytics tracking error: SQLSTATE[23000]: Integrity constraint violation: 19 FOREIGN KEY constraint failed
[21-Nov-2025 23:46:50 Africa/Lagos] Analytics tracking error: SQLSTATE[23000]: Integrity constraint violation: 19 FOREIGN KEY constraint failed
[21-Nov-2025 23:53:45 Africa/Lagos] Analytics tracking error: SQLSTATE[23000]: Integrity constraint violation: 19 FOREIGN KEY constraint failed
[21-Nov-2025 23:57:47 Africa/Lagos] Analytics tracking error: SQLSTATE[23000]: Integrity constraint violation: 19 FOREIGN KEY constraint failed
[22-Nov-2025 00:01:44 Africa/Lagos] Analytics tracking error: SQLSTATE[HY000]: General error: 1 table activity_logs has no column named activity_type
[22-Nov-2025 00:09:10 Africa/Lagos] Upload API: Request received - Type: video, Category: templates
[22-Nov-2025 00:09:10 Africa/Lagos] Upload API: Session ID: 3df57ad1d9a741b767624e4737442e32, Admin status: yes
[22-Nov-2025 00:09:10 Africa/Lagos] Upload API: Video uploaded successfully without processing: video_1763766550_9472a6c2_27e8c75f41cc79d6d45c2fe55317fa00.mp4
[22-Nov-2025 00:09:14 Africa/Lagos] Upload API: Request received - Type: image, Category: templates
[22-Nov-2025 00:09:14 Africa/Lagos] Upload API: Session ID: 3df57ad1d9a741b767624e4737442e32, Admin status: yes
[22-Nov-2025 00:10:27 Africa/Lagos] Upload API: Request received - Type: image, Category: tools
[22-Nov-2025 00:10:27 Africa/Lagos] Upload API: Session ID: 3df57ad1d9a741b767624e4737442e32, Admin status: yes
[22-Nov-2025 00:13:17 Africa/Lagos] Analytics tracking error: SQLSTATE[23000]: Integrity constraint violation: 19 FOREIGN KEY constraint failed
[22-Nov-2025 00:13:36 Africa/Lagos] Analytics tracking error: SQLSTATE[23000]: Integrity constraint violation: 19 FOREIGN KEY constraint failed
[22-Nov-2025 00:13:40 Africa/Lagos] Analytics tracking error: SQLSTATE[23000]: Integrity constraint violation: 19 FOREIGN KEY constraint failed
[22-Nov-2025 00:17:25 Africa/Lagos] Upload API: Request received - Type: video, Category: tools
[22-Nov-2025 00:17:25 Africa/Lagos] Upload API: Session ID: 3df57ad1d9a741b767624e4737442e32, Admin status: yes
[22-Nov-2025 00:17:25 Africa/Lagos] Upload API: Video uploaded successfully without processing: video_1763767045_d0d09bf6_e0f1851126ac378d7db85daf2009801f.mp4
[22-Nov-2025 08:41:05 Africa/Lagos] Analytics tracking error: SQLSTATE[23000]: Integrity constraint violation: 19 FOREIGN KEY constraint failed
[22-Nov-2025 08:41:11 Africa/Lagos] Analytics tracking error: SQLSTATE[23000]: Integrity constraint violation: 19 FOREIGN KEY constraint failed
[22-Nov-2025 08:44:32 Africa/Lagos] Analytics tracking error: SQLSTATE[23000]: Integrity constraint violation: 19 FOREIGN KEY constraint failed
[22-Nov-2025 08:44:40 Africa/Lagos] Analytics tracking error: SQLSTATE[23000]: Integrity constraint violation: 19 FOREIGN KEY constraint failed
[22-Nov-2025 08:45:01 Africa/Lagos] Analytics tracking error: SQLSTATE[23000]: Integrity constraint violation: 19 FOREIGN KEY constraint failed
[22-Nov-2025 08:48:06 Africa/Lagos] Analytics tracking error: SQLSTATE[23000]: Integrity constraint violation: 19 FOREIGN KEY constraint failed
[22-Nov-2025 08:48:07 Africa/Lagos] Analytics tracking error: SQLSTATE[23000]: Integrity constraint violation: 19 FOREIGN KEY constraint failed
[22-Nov-2025 08:51:18 Africa/Lagos] Analytics tracking error: SQLSTATE[23000]: Integrity constraint violation: 19 FOREIGN KEY constraint failed
[22-Nov-2025 08:54:04 Africa/Lagos] Analytics tracking error: SQLSTATE[23000]: Integrity constraint violation: 19 FOREIGN KEY constraint failed
[22-Nov-2025 08:58:44 Africa/Lagos] Analytics tracking error: SQLSTATE[23000]: Integrity constraint violation: 19 FOREIGN KEY constraint failed
[22-Nov-2025 08:59:12 Africa/Lagos] Analytics tracking error: SQLSTATE[23000]: Integrity constraint violation: 19 FOREIGN KEY constraint failed
[22-Nov-2025 11:03:10 Africa/Lagos] Analytics tracking error: SQLSTATE[23000]: Integrity constraint violation: 19 FOREIGN KEY constraint failed
[22-Nov-2025 11:03:24 Africa/Lagos] Analytics tracking error: SQLSTATE[23000]: Integrity constraint violation: 19 FOREIGN KEY constraint failed
[22-Nov-2025 11:08:08 Africa/Lagos] Analytics tracking error: SQLSTATE[HY000]: General error: 1 table activity_logs has no column named activity_type
[22-Nov-2025 11:08:08 Africa/Lagos] Analytics tracking error: SQLSTATE[HY000]: General error: 1 table activity_logs has no column named activity_type
[22-Nov-2025 11:09:09 Africa/Lagos] Analytics tracking error: SQLSTATE[23000]: Integrity constraint violation: 19 FOREIGN KEY constraint failed
[22-Nov-2025 11:13:37 Africa/Lagos] Analytics tracking error: SQLSTATE[23000]: Integrity constraint violation: 19 FOREIGN KEY constraint failed
[22-Nov-2025 12:45:41 Africa/Lagos] Analytics tracking error: SQLSTATE[23000]: Integrity constraint violation: 19 FOREIGN KEY constraint failed
[22-Nov-2025 12:45:45 Africa/Lagos] Analytics tracking error: SQLSTATE[23000]: Integrity constraint violation: 19 FOREIGN KEY constraint failed
[22-Nov-2025 12:45:48 Africa/Lagos] Analytics tracking error: SQLSTATE[23000]: Integrity constraint violation: 19 FOREIGN KEY constraint failed
[22-Nov-2025 12:45:51 Africa/Lagos] Analytics tracking error: SQLSTATE[23000]: Integrity constraint violation: 19 FOREIGN KEY constraint failed
[22-Nov-2025 13:00:48 Africa/Lagos] Analytics tracking error: SQLSTATE[23000]: Integrity constraint violation: 19 FOREIGN KEY constraint failed
[22-Nov-2025 13:00:57 Africa/Lagos] Analytics tracking error: SQLSTATE[23000]: Integrity constraint violation: 19 FOREIGN KEY constraint failed
[22-Nov-2025 13:01:00 Africa/Lagos] Analytics tracking error: SQLSTATE[23000]: Integrity constraint violation: 19 FOREIGN KEY constraint failed
[22-Nov-2025 13:01:03 Africa/Lagos] Analytics tracking error: SQLSTATE[23000]: Integrity constraint violation: 19 FOREIGN KEY constraint failed
[22-Nov-2025 13:05:24 Africa/Lagos] Analytics tracking error: SQLSTATE[23000]: Integrity constraint violation: 19 FOREIGN KEY constraint failed
[22-Nov-2025 13:05:24 Africa/Lagos] Analytics tracking error: SQLSTATE[23000]: Integrity constraint violation: 19 FOREIGN KEY constraint failed
[22-Nov-2025 13:05:28 Africa/Lagos] Analytics tracking error: SQLSTATE[23000]: Integrity constraint violation: 19 FOREIGN KEY constraint failed
[22-Nov-2025 13:05:51 Africa/Lagos] Analytics tracking error: SQLSTATE[23000]: Integrity constraint violation: 19 FOREIGN KEY constraint failed
[22-Nov-2025 13:21:05 Africa/Lagos] Analytics tracking error: SQLSTATE[23000]: Integrity constraint violation: 19 FOREIGN KEY constraint failed
[22-Nov-2025 13:24:06 Africa/Lagos] Analytics tracking error: SQLSTATE[23000]: Integrity constraint violation: 19 FOREIGN KEY constraint failed
[22-Nov-2025 13:24:54 Africa/Lagos] Tool view tracked: tool_id=43, session=35b49790c665946a1fd9832254fc75b0, result=1
[22-Nov-2025 13:26:07 Africa/Lagos] Analytics tracking error: SQLSTATE[23000]: Integrity constraint violation: 19 FOREIGN KEY constraint failed
[22-Nov-2025 13:26:08 Africa/Lagos] Tool view tracked: tool_id=44, session=9b0148cdcdac222bebcf0691ce208fdd, result=1
[22-Nov-2025 16:00:07 Africa/Lagos] Analytics tracking error: SQLSTATE[23000]: Integrity constraint violation: 19 FOREIGN KEY constraint failed
[22-Nov-2025 16:00:08 Africa/Lagos] Tool view tracked: tool_id=40, session=d33ae5166f4ab054e79f8e45d7bbaf0d, result=1
[22-Nov-2025 16:01:27 Africa/Lagos] Analytics tracking error: SQLSTATE[23000]: Integrity constraint violation: 19 FOREIGN KEY constraint failed
[22-Nov-2025 16:01:27 Africa/Lagos] Tool view tracked: tool_id=40, session=d33ae5166f4ab054e79f8e45d7bbaf0d, result=1
[22-Nov-2025 16:02:34 Africa/Lagos] Analytics tracking error: SQLSTATE[23000]: Integrity constraint violation: 19 FOREIGN KEY constraint failed
[22-Nov-2025 16:02:35 Africa/Lagos] Tool view tracked: tool_id=59, session=d33ae5166f4ab054e79f8e45d7bbaf0d, result=1
[22-Nov-2025 16:02:59 Africa/Lagos] Analytics tracking error: SQLSTATE[23000]: Integrity constraint violation: 19 FOREIGN KEY constraint failed
[22-Nov-2025 16:03:00 Africa/Lagos] Tool view tracked: tool_id=40, session=d33ae5166f4ab054e79f8e45d7bbaf0d, result=1
[22-Nov-2025 16:03:53 Africa/Lagos] Analytics tracking error: SQLSTATE[23000]: Integrity constraint violation: 19 FOREIGN KEY constraint failed
[22-Nov-2025 16:03:53 Africa/Lagos] Tool view tracked: tool_id=40, session=d33ae5166f4ab054e79f8e45d7bbaf0d, result=1
[22-Nov-2025 16:05:14 Africa/Lagos] Analytics tracking error: SQLSTATE[23000]: Integrity constraint violation: 19 FOREIGN KEY constraint failed
[22-Nov-2025 16:05:14 Africa/Lagos] Tool view tracked: tool_id=40, session=d33ae5166f4ab054e79f8e45d7bbaf0d, result=1
[22-Nov-2025 16:05:51 Africa/Lagos] Analytics tracking error: SQLSTATE[23000]: Integrity constraint violation: 19 FOREIGN KEY constraint failed
[22-Nov-2025 16:05:51 Africa/Lagos] Tool view tracked: tool_id=59, session=d33ae5166f4ab054e79f8e45d7bbaf0d, result=1
